2 47
2 12
2 10
3 91
4 32
2 13
7 121
11 198
69 2736
69 2736
25 832